------------------------------------------------------------
Timing Analyzer Summary
------------------------------------------------------------

Type  : Slow 1200mV 85C Model Setup 'inst3|altpll_component|auto_generated|pll1|clk[0]'
Slack : -13.316
TNS   : -151.462

Type  : Slow 1200mV 85C Model Setup 'h_sync'
Slack : -10.789
TNS   : -147.926

Type  : Slow 1200mV 85C Model Setup 'CLOCK_50'
Slack : -4.868
TNS   : -28.627

Type  : Slow 1200mV 85C Model Hold 'CLOCK_50'
Slack : 0.401
TNS   : 0.000

Type  : Slow 1200mV 85C Model Hold 'h_sync'
Slack : 0.839
TNS   : 0.000

Type  : Slow 1200mV 85C Model Hold 'inst3|altpll_component|auto_generated|pll1|clk[0]'
Slack : 1.631
TNS   : 0.000

Type  : Slow 1200mV 85C Model Minimum Pulse Width 'h_sync'
Slack : -3.000
TNS   : -3.000

Type  : Slow 1200mV 85C Model Minimum Pulse Width 'CLOCK_50'
Slack : 9.677
TNS   : 0.000

Type  : Slow 1200mV 85C Model Minimum Pulse Width 'inst3|altpll_component|auto_generated|pll1|clk[0]'
Slack : 19.849
TNS   : 0.000

Type  : Slow 1200mV 0C Model Setup 'inst3|altpll_component|auto_generated|pll1|clk[0]'
Slack : -12.272
TNS   : -138.837

Type  : Slow 1200mV 0C Model Setup 'h_sync'
Slack : -9.950
TNS   : -135.126

Type  : Slow 1200mV 0C Model Setup 'CLOCK_50'
Slack : -4.400
TNS   : -25.888

Type  : Slow 1200mV 0C Model Hold 'CLOCK_50'
Slack : 0.353
TNS   : 0.000

Type  : Slow 1200mV 0C Model Hold 'h_sync'
Slack : 0.723
TNS   : 0.000

Type  : Slow 1200mV 0C Model Hold 'inst3|altpll_component|auto_generated|pll1|clk[0]'
Slack : 1.383
TNS   : 0.000

Type  : Slow 1200mV 0C Model Minimum Pulse Width 'h_sync'
Slack : -3.000
TNS   : -3.000

Type  : Slow 1200mV 0C Model Minimum Pulse Width 'CLOCK_50'
Slack : 9.671
TNS   : 0.000

Type  : Slow 1200mV 0C Model Minimum Pulse Width 'inst3|altpll_component|auto_generated|pll1|clk[0]'
Slack : 19.776
TNS   : 0.000

Type  : Fast 1200mV 0C Model Setup 'inst3|altpll_component|auto_generated|pll1|clk[0]'
Slack : -7.052
TNS   : -80.426

Type  : Fast 1200mV 0C Model Setup 'h_sync'
Slack : -5.213
TNS   : -65.784

Type  : Fast 1200mV 0C Model Setup 'CLOCK_50'
Slack : -2.455
TNS   : -14.578

Type  : Fast 1200mV 0C Model Hold 'CLOCK_50'
Slack : 0.181
TNS   : 0.000

Type  : Fast 1200mV 0C Model Hold 'h_sync'
Slack : 0.362
TNS   : 0.000

Type  : Fast 1200mV 0C Model Hold 'inst3|altpll_component|auto_generated|pll1|clk[0]'
Slack : 0.756
TNS   : 0.000

Type  : Fast 1200mV 0C Model Minimum Pulse Width 'h_sync'
Slack : -3.000
TNS   : -3.000

Type  : Fast 1200mV 0C Model Minimum Pulse Width 'CLOCK_50'
Slack : 9.439
TNS   : 0.000

Type  : Fast 1200mV 0C Model Minimum Pulse Width 'inst3|altpll_component|auto_generated|pll1|clk[0]'
Slack : 19.901
TNS   : 0.000

------------------------------------------------------------
