Analysis & Synthesis report for modulo_sprite
Tue Nov 28 22:43:11 2023
Quartus Prime Version 20.1.1 Build 720 11/11/2020 SJ Lite Edition


---------------------
; Table of Contents ;
---------------------
  1. Legal Notice
  2. Analysis & Synthesis Summary
  3. Analysis & Synthesis Settings
  4. Parallel Compilation
  5. Analysis & Synthesis Source Files Read
  6. Analysis & Synthesis Resource Usage Summary
  7. Analysis & Synthesis Resource Utilization by Entity
  8. State Machine - |sprits_finder_position|nextstate
  9. State Machine - |sprits_finder_position|actstate
 10. Registers Removed During Synthesis
 11. Removed Registers Triggering Further Register Optimizations
 12. General Register Statistics
 13. Multiplexer Restructuring Statistics (Restructuring Performed)
 14. Parameter Settings for User Entity Instance: Top-level Entity: |sprits_finder_position
 15. Post-Synthesis Netlist Statistics for Top Partition
 16. Elapsed Time Per Partition
 17. Analysis & Synthesis Messages
 18. Analysis & Synthesis Suppressed Messages



----------------
; Legal Notice ;
----------------
Copyright (C) 2020  Intel Corporation. All rights reserved.
Your use of Intel Corporation's design tools, logic functions 
and other software and tools, and any partner logic 
functions, and any output files from any of the foregoing 
(including device programming or simulation files), and any 
associated documentation or information are expressly subject 
to the terms and conditions of the Intel Program License 
Subscription Agreement, the Intel Quartus Prime License Agreement,
the Intel FPGA IP License Agreement, or other applicable license
agreement, including, without limitation, that your use is for
the sole purpose of programming logic devices manufactured by
Intel and sold by Intel or its authorized distributors.  Please
refer to the applicable agreement for further details, at
https://fpgasoftware.intel.com/eula.



+----------------------------------------------------------------------------------+
; Analysis & Synthesis Summary                                                     ;
+------------------------------------+---------------------------------------------+
; Analysis & Synthesis Status        ; Successful - Tue Nov 28 22:43:11 2023       ;
; Quartus Prime Version              ; 20.1.1 Build 720 11/11/2020 SJ Lite Edition ;
; Revision Name                      ; modulo_sprite                               ;
; Top-level Entity Name              ; sprits_finder_position                      ;
; Family                             ; Cyclone IV E                                ;
; Total logic elements               ; 61                                          ;
;     Total combinational functions  ; 57                                          ;
;     Dedicated logic registers      ; 41                                          ;
; Total registers                    ; 41                                          ;
; Total pins                         ; 48                                          ;
; Total virtual pins                 ; 0                                           ;
; Total memory bits                  ; 0                                           ;
; Embedded Multiplier 9-bit elements ; 0                                           ;
; Total PLLs                         ; 0                                           ;
+------------------------------------+---------------------------------------------+


+----------------------------------------------------------------------------------------------------------------+
; Analysis & Synthesis Settings                                                                                  ;
+------------------------------------------------------------------+------------------------+--------------------+
; Option                                                           ; Setting                ; Default Value      ;
+------------------------------------------------------------------+------------------------+--------------------+
; Device                                                           ; EP4CE115F29C7          ;                    ;
; Top-level entity name                                            ; sprits_finder_position ; modulo_sprite      ;
; Family name                                                      ; Cyclone IV E           ; Cyclone V          ;
; VHDL Show LMF Mapping Messages                                   ; Off                    ;                    ;
; Verilog Show LMF Mapping Messages                                ; Off                    ;                    ;
; Verilog Version                                                  ; SystemVerilog_2005     ; Verilog_2001       ;
; Use smart compilation                                            ; Off                    ; Off                ;
; Maximum processors allowed for parallel compilation              ; All                    ; All                ;
; Enable parallel Assembler and Timing Analyzer during compilation ; On                     ; On                 ;
; Enable compact report table                                      ; Off                    ; Off                ;
; Restructure Multiplexers                                         ; Auto                   ; Auto               ;
; Create Debugging Nodes for IP Cores                              ; Off                    ; Off                ;
; Preserve fewer node names                                        ; On                     ; On                 ;
; Intel FPGA IP Evaluation Mode                                    ; Enable                 ; Enable             ;
; VHDL Version                                                     ; VHDL_1993              ; VHDL_1993          ;
; State Machine Processing                                         ; Auto                   ; Auto               ;
; Safe State Machine                                               ; Off                    ; Off                ;
; Extract Verilog State Machines                                   ; On                     ; On                 ;
; Extract VHDL State Machines                                      ; On                     ; On                 ;
; Ignore Verilog initial constructs                                ; Off                    ; Off                ;
; Iteration limit for constant Verilog loops                       ; 5000                   ; 5000               ;
; Iteration limit for non-constant Verilog loops                   ; 250                    ; 250                ;
; Add Pass-Through Logic to Inferred RAMs                          ; On                     ; On                 ;
; Infer RAMs from Raw Logic                                        ; On                     ; On                 ;
; Parallel Synthesis                                               ; On                     ; On                 ;
; DSP Block Balancing                                              ; Auto                   ; Auto               ;
; NOT Gate Push-Back                                               ; On                     ; On                 ;
; Power-Up Don't Care                                              ; On                     ; On                 ;
; Remove Redundant Logic Cells                                     ; Off                    ; Off                ;
; Remove Duplicate Registers                                       ; On                     ; On                 ;
; Ignore CARRY Buffers                                             ; Off                    ; Off                ;
; Ignore CASCADE Buffers                                           ; Off                    ; Off                ;
; Ignore GLOBAL Buffers                                            ; Off                    ; Off                ;
; Ignore ROW GLOBAL Buffers                                        ; Off                    ; Off                ;
; Ignore LCELL Buffers                                             ; Off                    ; Off                ;
; Ignore SOFT Buffers                                              ; On                     ; On                 ;
; Limit AHDL Integers to 32 Bits                                   ; Off                    ; Off                ;
; Optimization Technique                                           ; Balanced               ; Balanced           ;
; Carry Chain Length                                               ; 70                     ; 70                 ;
; Auto Carry Chains                                                ; On                     ; On                 ;
; Auto Open-Drain Pins                                             ; On                     ; On                 ;
; Perform WYSIWYG Primitive Resynthesis                            ; Off                    ; Off                ;
; Auto ROM Replacement                                             ; On                     ; On                 ;
; Auto RAM Replacement                                             ; On                     ; On                 ;
; Auto DSP Block Replacement                                       ; On                     ; On                 ;
; Auto Shift Register Replacement                                  ; Auto                   ; Auto               ;
; Allow Shift Register Merging across Hierarchies                  ; Auto                   ; Auto               ;
; Auto Clock Enable Replacement                                    ; On                     ; On                 ;
; Strict RAM Replacement                                           ; Off                    ; Off                ;
; Allow Synchronous Control Signals                                ; On                     ; On                 ;
; Force Use of Synchronous Clear Signals                           ; Off                    ; Off                ;
; Auto RAM Block Balancing                                         ; On                     ; On                 ;
; Auto RAM to Logic Cell Conversion                                ; Off                    ; Off                ;
; Auto Resource Sharing                                            ; Off                    ; Off                ;
; Allow Any RAM Size For Recognition                               ; Off                    ; Off                ;
; Allow Any ROM Size For Recognition                               ; Off                    ; Off                ;
; Allow Any Shift Register Size For Recognition                    ; Off                    ; Off                ;
; Use LogicLock Constraints during Resource Balancing              ; On                     ; On                 ;
; Ignore translate_off and synthesis_off directives                ; Off                    ; Off                ;
; Timing-Driven Synthesis                                          ; On                     ; On                 ;
; Report Parameter Settings                                        ; On                     ; On                 ;
; Report Source Assignments                                        ; On                     ; On                 ;
; Report Connectivity Checks                                       ; On                     ; On                 ;
; Ignore Maximum Fan-Out Assignments                               ; Off                    ; Off                ;
; Synchronization Register Chain Length                            ; 2                      ; 2                  ;
; Power Optimization During Synthesis                              ; Normal compilation     ; Normal compilation ;
; HDL message level                                                ; Level2                 ; Level2             ;
; Suppress Register Optimization Related Messages                  ; Off                    ; Off                ;
; Number of Removed Registers Reported in Synthesis Report         ; 5000                   ; 5000               ;
; Number of Swept Nodes Reported in Synthesis Report               ; 5000                   ; 5000               ;
; Number of Inverted Registers Reported in Synthesis Report        ; 100                    ; 100                ;
; Clock MUX Protection                                             ; On                     ; On                 ;
; Auto Gated Clock Conversion                                      ; Off                    ; Off                ;
; Block Design Naming                                              ; Auto                   ; Auto               ;
; SDC constraint protection                                        ; Off                    ; Off                ;
; Synthesis Effort                                                 ; Auto                   ; Auto               ;
; Shift Register Replacement - Allow Asynchronous Clear Signal     ; On                     ; On                 ;
; Pre-Mapping Resynthesis Optimization                             ; Off                    ; Off                ;
; Analysis & Synthesis Message Level                               ; Medium                 ; Medium             ;
; Disable Register Merging Across Hierarchies                      ; Auto                   ; Auto               ;
; Resource Aware Inference For Block RAM                           ; On                     ; On                 ;
+------------------------------------------------------------------+------------------------+--------------------+


+------------------------------------------+
; Parallel Compilation                     ;
+----------------------------+-------------+
; Processors                 ; Number      ;
+----------------------------+-------------+
; Number detected on machine ; 4           ;
; Maximum allowed            ; 2           ;
;                            ;             ;
; Average used               ; 1.00        ;
; Maximum used               ; 2           ;
;                            ;             ;
; Usage by Processor         ; % Time Used ;
;     Processor 1            ; 100.0%      ;
;     Processor 2            ;   0.0%      ;
+----------------------------+-------------+


+-----------------------------------------------------------------------------------------------------------------------------------------------------------------------------------------------+
; Analysis & Synthesis Source Files Read                                                                                                                                                        ;
+----------------------------------+-----------------+------------------------+-------------------------------------------------------------------------------------------------------+---------+
; File Name with User-Entered Path ; Used in Netlist ; File Type              ; File Name with Absolute Path                                                                          ; Library ;
+----------------------------------+-----------------+------------------------+-------------------------------------------------------------------------------------------------------+---------+
; sprits_finder_position.v         ; yes             ; User Verilog HDL File  ; C:/Users/elber/OneDrive - Universidade Federal da Bahia/LAB IV/modulo_sprite/sprits_finder_position.v ;         ;
+----------------------------------+-----------------+------------------------+-------------------------------------------------------------------------------------------------------+---------+


+---------------------------------------------------------+
; Analysis & Synthesis Resource Usage Summary             ;
+---------------------------------------------+-----------+
; Resource                                    ; Usage     ;
+---------------------------------------------+-----------+
; Estimated Total logic elements              ; 61        ;
;                                             ;           ;
; Total combinational functions               ; 57        ;
; Logic element usage by number of LUT inputs ;           ;
;     -- 4 input functions                    ; 18        ;
;     -- 3 input functions                    ; 6         ;
;     -- <=2 input functions                  ; 33        ;
;                                             ;           ;
; Logic elements by mode                      ;           ;
;     -- normal mode                          ; 27        ;
;     -- arithmetic mode                      ; 30        ;
;                                             ;           ;
; Total registers                             ; 41        ;
;     -- Dedicated logic registers            ; 41        ;
;     -- I/O registers                        ; 0         ;
;                                             ;           ;
; I/O pins                                    ; 48        ;
;                                             ;           ;
; Embedded Multiplier 9-bit elements          ; 0         ;
;                                             ;           ;
; Maximum fan-out node                        ; clk~input ;
; Maximum fan-out                             ; 41        ;
; Total fan-out                               ; 321       ;
; Average fan-out                             ; 1.65      ;
+---------------------------------------------+-----------+


+-------------------------------------------------------------------------------------------------------------------------------------------------------------------------------------------------------------------------+
; Analysis & Synthesis Resource Utilization by Entity                                                                                                                                                                     ;
+----------------------------+---------------------+---------------------------+-------------+--------------+---------+-----------+------+--------------+-------------------------+------------------------+--------------+
; Compilation Hierarchy Node ; Combinational ALUTs ; Dedicated Logic Registers ; Memory Bits ; DSP Elements ; DSP 9x9 ; DSP 18x18 ; Pins ; Virtual Pins ; Full Hierarchy Name     ; Entity Name            ; Library Name ;
+----------------------------+---------------------+---------------------------+-------------+--------------+---------+-----------+------+--------------+-------------------------+------------------------+--------------+
; |sprits_finder_position    ; 57 (57)             ; 41 (41)                   ; 0           ; 0            ; 0       ; 0         ; 48   ; 0            ; |sprits_finder_position ; sprits_finder_position ; work         ;
+----------------------------+---------------------+---------------------------+-------------+--------------+---------+-----------+------+--------------+-------------------------+------------------------+--------------+
Note: For table entries with two numbers listed, the numbers in parentheses indicate the number of resources of the given type used by the specific entity alone. The numbers listed outside of parentheses indicate the total resources of the given type used by the specific entity and all of its sub-entities in the hierarchy.


Encoding Type:  One-Hot
+-------------------------------------------------------------------------------------------------------------------------------------------------------------------------------+
; State Machine - |sprits_finder_position|nextstate                                                                                                                             ;
+--------------------------------------+-----------------------------------+------------------------------------+--------------------------------------+------------------------+
; Name                                 ; nextstate.state_controller_memory ; nextstate.state_layers_prioritaria ; nextstate.state_comparacao_perimetro ; nextstate.state_inicio ;
+--------------------------------------+-----------------------------------+------------------------------------+--------------------------------------+------------------------+
; nextstate.state_inicio               ; 0                                 ; 0                                  ; 0                                    ; 0                      ;
; nextstate.state_comparacao_perimetro ; 0                                 ; 0                                  ; 1                                    ; 1                      ;
; nextstate.state_layers_prioritaria   ; 0                                 ; 1                                  ; 0                                    ; 1                      ;
; nextstate.state_controller_memory    ; 1                                 ; 0                                  ; 0                                    ; 1                      ;
+--------------------------------------+-----------------------------------+------------------------------------+--------------------------------------+------------------------+


Encoding Type:  One-Hot
+--------------------------------------------------------------------------------------------------------------------------------------------------------------------------+
; State Machine - |sprits_finder_position|actstate                                                                                                                         ;
+-------------------------------------+----------------------------------+-----------------------------------+-------------------------------------+-----------------------+
; Name                                ; actstate.state_controller_memory ; actstate.state_layers_prioritaria ; actstate.state_comparacao_perimetro ; actstate.state_inicio ;
+-------------------------------------+----------------------------------+-----------------------------------+-------------------------------------+-----------------------+
; actstate.state_inicio               ; 0                                ; 0                                 ; 0                                   ; 0                     ;
; actstate.state_comparacao_perimetro ; 0                                ; 0                                 ; 1                                   ; 1                     ;
; actstate.state_layers_prioritaria   ; 0                                ; 1                                 ; 0                                   ; 1                     ;
; actstate.state_controller_memory    ; 1                                ; 0                                 ; 0                                   ; 1                     ;
+-------------------------------------+----------------------------------+-----------------------------------+-------------------------------------+-----------------------+


+----------------------------------------------------------------------------------+
; Registers Removed During Synthesis                                               ;
+-----------------------------------------+----------------------------------------+
; Register name                           ; Reason for Removal                     ;
+-----------------------------------------+----------------------------------------+
; layer[0][0]                             ; Stuck at GND due to stuck port data_in ;
; layer[0][1]                             ; Stuck at GND due to stuck port data_in ;
; layer[0][2]                             ; Stuck at GND due to stuck port data_in ;
; layer[0][3]                             ; Stuck at GND due to stuck port data_in ;
; layer[0][4]                             ; Stuck at GND due to stuck port data_in ;
; layer[0][5]                             ; Stuck at GND due to stuck port data_in ;
; layer[1][0]                             ; Stuck at GND due to stuck port data_in ;
; layer[1][1]                             ; Stuck at GND due to stuck port data_in ;
; layer[1][2]                             ; Stuck at GND due to stuck port data_in ;
; layer[1][3]                             ; Stuck at GND due to stuck port data_in ;
; layer[1][4]                             ; Stuck at GND due to stuck port data_in ;
; layer[1][5]                             ; Stuck at GND due to stuck port data_in ;
; layer[2][0]                             ; Stuck at GND due to stuck port data_in ;
; layer[2][1]                             ; Stuck at GND due to stuck port data_in ;
; layer[2][2]                             ; Stuck at GND due to stuck port data_in ;
; layer[2][3]                             ; Stuck at GND due to stuck port data_in ;
; layer[2][4]                             ; Stuck at GND due to stuck port data_in ;
; layer[2][5]                             ; Stuck at GND due to stuck port data_in ;
; layer[3][0]                             ; Stuck at GND due to stuck port data_in ;
; layer[3][1]                             ; Stuck at GND due to stuck port data_in ;
; layer[3][2]                             ; Stuck at GND due to stuck port data_in ;
; layer[3][3]                             ; Stuck at GND due to stuck port data_in ;
; layer[3][4]                             ; Stuck at GND due to stuck port data_in ;
; layer[3][5]                             ; Stuck at GND due to stuck port data_in ;
; layer[4][0]                             ; Stuck at GND due to stuck port data_in ;
; layer[4][1]                             ; Stuck at GND due to stuck port data_in ;
; layer[4][2]                             ; Stuck at GND due to stuck port data_in ;
; layer[4][3]                             ; Stuck at GND due to stuck port data_in ;
; layer[4][4]                             ; Stuck at GND due to stuck port data_in ;
; layer[4][5]                             ; Stuck at GND due to stuck port data_in ;
; layer[5][0]                             ; Stuck at GND due to stuck port data_in ;
; layer[5][1]                             ; Stuck at GND due to stuck port data_in ;
; layer[5][2]                             ; Stuck at GND due to stuck port data_in ;
; layer[5][3]                             ; Stuck at GND due to stuck port data_in ;
; layer[5][4]                             ; Stuck at GND due to stuck port data_in ;
; layer[5][5]                             ; Stuck at GND due to stuck port data_in ;
; layer[6][0]                             ; Stuck at GND due to stuck port data_in ;
; layer[6][1]                             ; Stuck at GND due to stuck port data_in ;
; layer[6][2]                             ; Stuck at GND due to stuck port data_in ;
; layer[6][3]                             ; Stuck at GND due to stuck port data_in ;
; layer[6][4]                             ; Stuck at GND due to stuck port data_in ;
; layer[6][5]                             ; Stuck at GND due to stuck port data_in ;
; layer[7][0]                             ; Stuck at GND due to stuck port data_in ;
; layer[7][1]                             ; Stuck at GND due to stuck port data_in ;
; layer[7][2]                             ; Stuck at GND due to stuck port data_in ;
; layer[7][3]                             ; Stuck at GND due to stuck port data_in ;
; layer[7][4]                             ; Stuck at GND due to stuck port data_in ;
; layer[7][5]                             ; Stuck at GND due to stuck port data_in ;
; layer[8][0]                             ; Stuck at GND due to stuck port data_in ;
; layer[8][1]                             ; Stuck at GND due to stuck port data_in ;
; layer[8][2]                             ; Stuck at GND due to stuck port data_in ;
; layer[8][3]                             ; Stuck at GND due to stuck port data_in ;
; layer[8][4]                             ; Stuck at GND due to stuck port data_in ;
; layer[8][5]                             ; Stuck at GND due to stuck port data_in ;
; layer[9][0]                             ; Stuck at GND due to stuck port data_in ;
; layer[9][1]                             ; Stuck at GND due to stuck port data_in ;
; layer[9][2]                             ; Stuck at GND due to stuck port data_in ;
; layer[9][3]                             ; Stuck at GND due to stuck port data_in ;
; layer[9][4]                             ; Stuck at GND due to stuck port data_in ;
; layer[9][5]                             ; Stuck at GND due to stuck port data_in ;
; layer[10][0]                            ; Stuck at GND due to stuck port data_in ;
; layer[10][1]                            ; Stuck at GND due to stuck port data_in ;
; layer[10][2]                            ; Stuck at GND due to stuck port data_in ;
; layer[10][3]                            ; Stuck at GND due to stuck port data_in ;
; layer[10][4]                            ; Stuck at GND due to stuck port data_in ;
; layer[10][5]                            ; Stuck at GND due to stuck port data_in ;
; layer[11][0]                            ; Stuck at GND due to stuck port data_in ;
; layer[11][1]                            ; Stuck at GND due to stuck port data_in ;
; layer[11][2]                            ; Stuck at GND due to stuck port data_in ;
; layer[11][3]                            ; Stuck at GND due to stuck port data_in ;
; layer[11][4]                            ; Stuck at GND due to stuck port data_in ;
; layer[11][5]                            ; Stuck at GND due to stuck port data_in ;
; layer[12][0]                            ; Stuck at GND due to stuck port data_in ;
; layer[12][1]                            ; Stuck at GND due to stuck port data_in ;
; layer[12][2]                            ; Stuck at GND due to stuck port data_in ;
; layer[12][3]                            ; Stuck at GND due to stuck port data_in ;
; layer[12][4]                            ; Stuck at GND due to stuck port data_in ;
; layer[12][5]                            ; Stuck at GND due to stuck port data_in ;
; layer[13][0]                            ; Stuck at GND due to stuck port data_in ;
; layer[13][1]                            ; Stuck at GND due to stuck port data_in ;
; layer[13][2]                            ; Stuck at GND due to stuck port data_in ;
; layer[13][3]                            ; Stuck at GND due to stuck port data_in ;
; layer[13][4]                            ; Stuck at GND due to stuck port data_in ;
; layer[13][5]                            ; Stuck at GND due to stuck port data_in ;
; layer[14][0]                            ; Stuck at GND due to stuck port data_in ;
; layer[14][1]                            ; Stuck at GND due to stuck port data_in ;
; layer[14][2]                            ; Stuck at GND due to stuck port data_in ;
; layer[14][3]                            ; Stuck at GND due to stuck port data_in ;
; layer[14][4]                            ; Stuck at GND due to stuck port data_in ;
; layer[14][5]                            ; Stuck at GND due to stuck port data_in ;
; layer[15][0]                            ; Stuck at GND due to stuck port data_in ;
; layer[15][1]                            ; Stuck at GND due to stuck port data_in ;
; layer[15][2]                            ; Stuck at GND due to stuck port data_in ;
; layer[15][3]                            ; Stuck at GND due to stuck port data_in ;
; layer[15][4]                            ; Stuck at GND due to stuck port data_in ;
; layer[15][5]                            ; Stuck at GND due to stuck port data_in ;
; layer[16][0]                            ; Stuck at GND due to stuck port data_in ;
; layer[16][1]                            ; Stuck at GND due to stuck port data_in ;
; layer[16][2]                            ; Stuck at GND due to stuck port data_in ;
; layer[16][3]                            ; Stuck at GND due to stuck port data_in ;
; layer[16][4]                            ; Stuck at GND due to stuck port data_in ;
; layer[16][5]                            ; Stuck at GND due to stuck port data_in ;
; layer[17][0]                            ; Stuck at GND due to stuck port data_in ;
; layer[17][1]                            ; Stuck at GND due to stuck port data_in ;
; layer[17][2]                            ; Stuck at GND due to stuck port data_in ;
; layer[17][3]                            ; Stuck at GND due to stuck port data_in ;
; layer[17][4]                            ; Stuck at GND due to stuck port data_in ;
; layer[17][5]                            ; Stuck at GND due to stuck port data_in ;
; layer[18][0]                            ; Stuck at GND due to stuck port data_in ;
; layer[18][1]                            ; Stuck at GND due to stuck port data_in ;
; layer[18][2]                            ; Stuck at GND due to stuck port data_in ;
; layer[18][3]                            ; Stuck at GND due to stuck port data_in ;
; layer[18][4]                            ; Stuck at GND due to stuck port data_in ;
; layer[18][5]                            ; Stuck at GND due to stuck port data_in ;
; layer[19][0]                            ; Stuck at GND due to stuck port data_in ;
; layer[19][1]                            ; Stuck at GND due to stuck port data_in ;
; layer[19][2]                            ; Stuck at GND due to stuck port data_in ;
; layer[19][3]                            ; Stuck at GND due to stuck port data_in ;
; layer[19][4]                            ; Stuck at GND due to stuck port data_in ;
; layer[19][5]                            ; Stuck at GND due to stuck port data_in ;
; layer[20][0]                            ; Stuck at GND due to stuck port data_in ;
; layer[20][1]                            ; Stuck at GND due to stuck port data_in ;
; layer[20][2]                            ; Stuck at GND due to stuck port data_in ;
; layer[20][3]                            ; Stuck at GND due to stuck port data_in ;
; layer[20][4]                            ; Stuck at GND due to stuck port data_in ;
; layer[20][5]                            ; Stuck at GND due to stuck port data_in ;
; layer[21][0]                            ; Stuck at GND due to stuck port data_in ;
; layer[21][1]                            ; Stuck at GND due to stuck port data_in ;
; layer[21][2]                            ; Stuck at GND due to stuck port data_in ;
; layer[21][3]                            ; Stuck at GND due to stuck port data_in ;
; layer[21][4]                            ; Stuck at GND due to stuck port data_in ;
; layer[21][5]                            ; Stuck at GND due to stuck port data_in ;
; layer[22][0]                            ; Stuck at GND due to stuck port data_in ;
; layer[22][1]                            ; Stuck at GND due to stuck port data_in ;
; layer[22][2]                            ; Stuck at GND due to stuck port data_in ;
; layer[22][3]                            ; Stuck at GND due to stuck port data_in ;
; layer[22][4]                            ; Stuck at GND due to stuck port data_in ;
; layer[22][5]                            ; Stuck at GND due to stuck port data_in ;
; layer[23][0]                            ; Stuck at GND due to stuck port data_in ;
; layer[23][1]                            ; Stuck at GND due to stuck port data_in ;
; layer[23][2]                            ; Stuck at GND due to stuck port data_in ;
; layer[23][3]                            ; Stuck at GND due to stuck port data_in ;
; layer[23][4]                            ; Stuck at GND due to stuck port data_in ;
; layer[23][5]                            ; Stuck at GND due to stuck port data_in ;
; layer[24][0]                            ; Stuck at GND due to stuck port data_in ;
; layer[24][1]                            ; Stuck at GND due to stuck port data_in ;
; layer[24][2]                            ; Stuck at GND due to stuck port data_in ;
; layer[24][3]                            ; Stuck at GND due to stuck port data_in ;
; layer[24][4]                            ; Stuck at GND due to stuck port data_in ;
; layer[24][5]                            ; Stuck at GND due to stuck port data_in ;
; layer[25][0]                            ; Stuck at GND due to stuck port data_in ;
; layer[25][1]                            ; Stuck at GND due to stuck port data_in ;
; layer[25][2]                            ; Stuck at GND due to stuck port data_in ;
; layer[25][3]                            ; Stuck at GND due to stuck port data_in ;
; layer[25][4]                            ; Stuck at GND due to stuck port data_in ;
; layer[25][5]                            ; Stuck at GND due to stuck port data_in ;
; layer[26][0]                            ; Stuck at GND due to stuck port data_in ;
; layer[26][1]                            ; Stuck at GND due to stuck port data_in ;
; layer[26][2]                            ; Stuck at GND due to stuck port data_in ;
; layer[26][3]                            ; Stuck at GND due to stuck port data_in ;
; layer[26][4]                            ; Stuck at GND due to stuck port data_in ;
; layer[26][5]                            ; Stuck at GND due to stuck port data_in ;
; layer[27][0]                            ; Stuck at GND due to stuck port data_in ;
; layer[27][1]                            ; Stuck at GND due to stuck port data_in ;
; layer[27][2]                            ; Stuck at GND due to stuck port data_in ;
; layer[27][3]                            ; Stuck at GND due to stuck port data_in ;
; layer[27][4]                            ; Stuck at GND due to stuck port data_in ;
; layer[27][5]                            ; Stuck at GND due to stuck port data_in ;
; layer[28][0]                            ; Stuck at GND due to stuck port data_in ;
; layer[28][1]                            ; Stuck at GND due to stuck port data_in ;
; layer[28][2]                            ; Stuck at GND due to stuck port data_in ;
; layer[28][3]                            ; Stuck at GND due to stuck port data_in ;
; layer[28][4]                            ; Stuck at GND due to stuck port data_in ;
; layer[28][5]                            ; Stuck at GND due to stuck port data_in ;
; layer[29][0]                            ; Stuck at GND due to stuck port data_in ;
; layer[29][1]                            ; Stuck at GND due to stuck port data_in ;
; layer[29][2]                            ; Stuck at GND due to stuck port data_in ;
; layer[29][3]                            ; Stuck at GND due to stuck port data_in ;
; layer[29][4]                            ; Stuck at GND due to stuck port data_in ;
; layer[29][5]                            ; Stuck at GND due to stuck port data_in ;
; layer[30][0]                            ; Stuck at GND due to stuck port data_in ;
; layer[30][1]                            ; Stuck at GND due to stuck port data_in ;
; layer[30][2]                            ; Stuck at GND due to stuck port data_in ;
; layer[30][3]                            ; Stuck at GND due to stuck port data_in ;
; layer[30][4]                            ; Stuck at GND due to stuck port data_in ;
; layer[30][5]                            ; Stuck at GND due to stuck port data_in ;
; layer[31][0]                            ; Stuck at GND due to stuck port data_in ;
; layer[31][1]                            ; Stuck at GND due to stuck port data_in ;
; layer[31][2]                            ; Stuck at GND due to stuck port data_in ;
; layer[31][3]                            ; Stuck at GND due to stuck port data_in ;
; layer[31][4]                            ; Stuck at GND due to stuck port data_in ;
; layer[31][5]                            ; Stuck at GND due to stuck port data_in ;
; sprit_found[10][1]                      ; Merged with sprit_found[10][0]         ;
; sprit_found[10][2]                      ; Merged with sprit_found[10][0]         ;
; sprit_found[10][3]                      ; Merged with sprit_found[10][0]         ;
; sprit_found[10][4]                      ; Merged with sprit_found[10][0]         ;
; sprit_found[10][5]                      ; Merged with sprit_found[10][0]         ;
; sprit_found[11][0]                      ; Merged with sprit_found[10][0]         ;
; sprit_found[11][1]                      ; Merged with sprit_found[10][0]         ;
; sprit_found[11][2]                      ; Merged with sprit_found[10][0]         ;
; sprit_found[11][3]                      ; Merged with sprit_found[10][0]         ;
; sprit_found[11][4]                      ; Merged with sprit_found[10][0]         ;
; sprit_found[11][5]                      ; Merged with sprit_found[10][0]         ;
; sprit_found[12][0]                      ; Merged with sprit_found[10][0]         ;
; sprit_found[12][1]                      ; Merged with sprit_found[10][0]         ;
; sprit_found[12][2]                      ; Merged with sprit_found[10][0]         ;
; sprit_found[12][3]                      ; Merged with sprit_found[10][0]         ;
; sprit_found[12][4]                      ; Merged with sprit_found[10][0]         ;
; sprit_found[12][5]                      ; Merged with sprit_found[10][0]         ;
; sprit_found[13][0]                      ; Merged with sprit_found[10][0]         ;
; sprit_found[13][1]                      ; Merged with sprit_found[10][0]         ;
; sprit_found[13][2]                      ; Merged with sprit_found[10][0]         ;
; sprit_found[13][3]                      ; Merged with sprit_found[10][0]         ;
; sprit_found[13][4]                      ; Merged with sprit_found[10][0]         ;
; sprit_found[13][5]                      ; Merged with sprit_found[10][0]         ;
; sprit_found[14][0]                      ; Merged with sprit_found[10][0]         ;
; sprit_found[14][1]                      ; Merged with sprit_found[10][0]         ;
; sprit_found[14][2]                      ; Merged with sprit_found[10][0]         ;
; sprit_found[14][3]                      ; Merged with sprit_found[10][0]         ;
; sprit_found[14][4]                      ; Merged with sprit_found[10][0]         ;
; sprit_found[14][5]                      ; Merged with sprit_found[10][0]         ;
; sprit_found[15][0]                      ; Merged with sprit_found[10][0]         ;
; sprit_found[15][1]                      ; Merged with sprit_found[10][0]         ;
; sprit_found[15][2]                      ; Merged with sprit_found[10][0]         ;
; sprit_found[15][3]                      ; Merged with sprit_found[10][0]         ;
; sprit_found[15][4]                      ; Merged with sprit_found[10][0]         ;
; sprit_found[15][5]                      ; Merged with sprit_found[10][0]         ;
; sprit_found[16][0]                      ; Merged with sprit_found[10][0]         ;
; sprit_found[16][1]                      ; Merged with sprit_found[10][0]         ;
; sprit_found[16][2]                      ; Merged with sprit_found[10][0]         ;
; sprit_found[16][3]                      ; Merged with sprit_found[10][0]         ;
; sprit_found[16][4]                      ; Merged with sprit_found[10][0]         ;
; sprit_found[16][5]                      ; Merged with sprit_found[10][0]         ;
; sprit_found[17][0]                      ; Merged with sprit_found[10][0]         ;
; sprit_found[17][1]                      ; Merged with sprit_found[10][0]         ;
; sprit_found[17][2]                      ; Merged with sprit_found[10][0]         ;
; sprit_found[17][3]                      ; Merged with sprit_found[10][0]         ;
; sprit_found[17][4]                      ; Merged with sprit_found[10][0]         ;
; sprit_found[17][5]                      ; Merged with sprit_found[10][0]         ;
; sprit_found[18][0]                      ; Merged with sprit_found[10][0]         ;
; sprit_found[18][1]                      ; Merged with sprit_found[10][0]         ;
; sprit_found[18][2]                      ; Merged with sprit_found[10][0]         ;
; sprit_found[18][3]                      ; Merged with sprit_found[10][0]         ;
; sprit_found[18][4]                      ; Merged with sprit_found[10][0]         ;
; sprit_found[18][5]                      ; Merged with sprit_found[10][0]         ;
; sprit_found[19][0]                      ; Merged with sprit_found[10][0]         ;
; sprit_found[19][1]                      ; Merged with sprit_found[10][0]         ;
; sprit_found[19][2]                      ; Merged with sprit_found[10][0]         ;
; sprit_found[19][3]                      ; Merged with sprit_found[10][0]         ;
; sprit_found[19][4]                      ; Merged with sprit_found[10][0]         ;
; sprit_found[19][5]                      ; Merged with sprit_found[10][0]         ;
; sprit_found[1][0]                       ; Merged with sprit_found[10][0]         ;
; sprit_found[1][1]                       ; Merged with sprit_found[10][0]         ;
; sprit_found[1][2]                       ; Merged with sprit_found[10][0]         ;
; sprit_found[1][3]                       ; Merged with sprit_found[10][0]         ;
; sprit_found[1][4]                       ; Merged with sprit_found[10][0]         ;
; sprit_found[1][5]                       ; Merged with sprit_found[10][0]         ;
; sprit_found[20][0]                      ; Merged with sprit_found[10][0]         ;
; sprit_found[20][1]                      ; Merged with sprit_found[10][0]         ;
; sprit_found[20][2]                      ; Merged with sprit_found[10][0]         ;
; sprit_found[20][3]                      ; Merged with sprit_found[10][0]         ;
; sprit_found[20][4]                      ; Merged with sprit_found[10][0]         ;
; sprit_found[20][5]                      ; Merged with sprit_found[10][0]         ;
; sprit_found[21][0]                      ; Merged with sprit_found[10][0]         ;
; sprit_found[21][1]                      ; Merged with sprit_found[10][0]         ;
; sprit_found[21][2]                      ; Merged with sprit_found[10][0]         ;
; sprit_found[21][3]                      ; Merged with sprit_found[10][0]         ;
; sprit_found[21][4]                      ; Merged with sprit_found[10][0]         ;
; sprit_found[21][5]                      ; Merged with sprit_found[10][0]         ;
; sprit_found[22][0]                      ; Merged with sprit_found[10][0]         ;
; sprit_found[22][1]                      ; Merged with sprit_found[10][0]         ;
; sprit_found[22][2]                      ; Merged with sprit_found[10][0]         ;
; sprit_found[22][3]                      ; Merged with sprit_found[10][0]         ;
; sprit_found[22][4]                      ; Merged with sprit_found[10][0]         ;
; sprit_found[22][5]                      ; Merged with sprit_found[10][0]         ;
; sprit_found[23][0]                      ; Merged with sprit_found[10][0]         ;
; sprit_found[23][1]                      ; Merged with sprit_found[10][0]         ;
; sprit_found[23][2]                      ; Merged with sprit_found[10][0]         ;
; sprit_found[23][3]                      ; Merged with sprit_found[10][0]         ;
; sprit_found[23][4]                      ; Merged with sprit_found[10][0]         ;
; sprit_found[23][5]                      ; Merged with sprit_found[10][0]         ;
; sprit_found[24][0]                      ; Merged with sprit_found[10][0]         ;
; sprit_found[24][1]                      ; Merged with sprit_found[10][0]         ;
; sprit_found[24][2]                      ; Merged with sprit_found[10][0]         ;
; sprit_found[24][3]                      ; Merged with sprit_found[10][0]         ;
; sprit_found[24][4]                      ; Merged with sprit_found[10][0]         ;
; sprit_found[24][5]                      ; Merged with sprit_found[10][0]         ;
; sprit_found[25][0]                      ; Merged with sprit_found[10][0]         ;
; sprit_found[25][1]                      ; Merged with sprit_found[10][0]         ;
; sprit_found[25][2]                      ; Merged with sprit_found[10][0]         ;
; sprit_found[25][3]                      ; Merged with sprit_found[10][0]         ;
; sprit_found[25][4]                      ; Merged with sprit_found[10][0]         ;
; sprit_found[25][5]                      ; Merged with sprit_found[10][0]         ;
; sprit_found[26][0]                      ; Merged with sprit_found[10][0]         ;
; sprit_found[26][1]                      ; Merged with sprit_found[10][0]         ;
; sprit_found[26][2]                      ; Merged with sprit_found[10][0]         ;
; sprit_found[26][3]                      ; Merged with sprit_found[10][0]         ;
; sprit_found[26][4]                      ; Merged with sprit_found[10][0]         ;
; sprit_found[26][5]                      ; Merged with sprit_found[10][0]         ;
; sprit_found[27][0]                      ; Merged with sprit_found[10][0]         ;
; sprit_found[27][1]                      ; Merged with sprit_found[10][0]         ;
; sprit_found[27][2]                      ; Merged with sprit_found[10][0]         ;
; sprit_found[27][3]                      ; Merged with sprit_found[10][0]         ;
; sprit_found[27][4]                      ; Merged with sprit_found[10][0]         ;
; sprit_found[27][5]                      ; Merged with sprit_found[10][0]         ;
; sprit_found[28][0]                      ; Merged with sprit_found[10][0]         ;
; sprit_found[28][1]                      ; Merged with sprit_found[10][0]         ;
; sprit_found[28][2]                      ; Merged with sprit_found[10][0]         ;
; sprit_found[28][3]                      ; Merged with sprit_found[10][0]         ;
; sprit_found[28][4]                      ; Merged with sprit_found[10][0]         ;
; sprit_found[28][5]                      ; Merged with sprit_found[10][0]         ;
; sprit_found[29][0]                      ; Merged with sprit_found[10][0]         ;
; sprit_found[29][1]                      ; Merged with sprit_found[10][0]         ;
; sprit_found[29][2]                      ; Merged with sprit_found[10][0]         ;
; sprit_found[29][3]                      ; Merged with sprit_found[10][0]         ;
; sprit_found[29][4]                      ; Merged with sprit_found[10][0]         ;
; sprit_found[29][5]                      ; Merged with sprit_found[10][0]         ;
; sprit_found[2][0]                       ; Merged with sprit_found[10][0]         ;
; sprit_found[2][1]                       ; Merged with sprit_found[10][0]         ;
; sprit_found[2][2]                       ; Merged with sprit_found[10][0]         ;
; sprit_found[2][3]                       ; Merged with sprit_found[10][0]         ;
; sprit_found[2][4]                       ; Merged with sprit_found[10][0]         ;
; sprit_found[2][5]                       ; Merged with sprit_found[10][0]         ;
; sprit_found[30][0]                      ; Merged with sprit_found[10][0]         ;
; sprit_found[30][1]                      ; Merged with sprit_found[10][0]         ;
; sprit_found[30][2]                      ; Merged with sprit_found[10][0]         ;
; sprit_found[30][3]                      ; Merged with sprit_found[10][0]         ;
; sprit_found[30][4]                      ; Merged with sprit_found[10][0]         ;
; sprit_found[30][5]                      ; Merged with sprit_found[10][0]         ;
; sprit_found[31][0]                      ; Merged with sprit_found[10][0]         ;
; sprit_found[31][1]                      ; Merged with sprit_found[10][0]         ;
; sprit_found[31][2]                      ; Merged with sprit_found[10][0]         ;
; sprit_found[31][3]                      ; Merged with sprit_found[10][0]         ;
; sprit_found[31][4]                      ; Merged with sprit_found[10][0]         ;
; sprit_found[31][5]                      ; Merged with sprit_found[10][0]         ;
; sprit_found[3][0]                       ; Merged with sprit_found[10][0]         ;
; sprit_found[3][1]                       ; Merged with sprit_found[10][0]         ;
; sprit_found[3][2]                       ; Merged with sprit_found[10][0]         ;
; sprit_found[3][3]                       ; Merged with sprit_found[10][0]         ;
; sprit_found[3][4]                       ; Merged with sprit_found[10][0]         ;
; sprit_found[3][5]                       ; Merged with sprit_found[10][0]         ;
; sprit_found[4][0]                       ; Merged with sprit_found[10][0]         ;
; sprit_found[4][1]                       ; Merged with sprit_found[10][0]         ;
; sprit_found[4][2]                       ; Merged with sprit_found[10][0]         ;
; sprit_found[4][3]                       ; Merged with sprit_found[10][0]         ;
; sprit_found[4][4]                       ; Merged with sprit_found[10][0]         ;
; sprit_found[4][5]                       ; Merged with sprit_found[10][0]         ;
; sprit_found[5][0]                       ; Merged with sprit_found[10][0]         ;
; sprit_found[5][1]                       ; Merged with sprit_found[10][0]         ;
; sprit_found[5][2]                       ; Merged with sprit_found[10][0]         ;
; sprit_found[5][3]                       ; Merged with sprit_found[10][0]         ;
; sprit_found[5][4]                       ; Merged with sprit_found[10][0]         ;
; sprit_found[5][5]                       ; Merged with sprit_found[10][0]         ;
; sprit_found[6][0]                       ; Merged with sprit_found[10][0]         ;
; sprit_found[6][1]                       ; Merged with sprit_found[10][0]         ;
; sprit_found[6][2]                       ; Merged with sprit_found[10][0]         ;
; sprit_found[6][3]                       ; Merged with sprit_found[10][0]         ;
; sprit_found[6][4]                       ; Merged with sprit_found[10][0]         ;
; sprit_found[6][5]                       ; Merged with sprit_found[10][0]         ;
; sprit_found[7][0]                       ; Merged with sprit_found[10][0]         ;
; sprit_found[7][1]                       ; Merged with sprit_found[10][0]         ;
; sprit_found[7][2]                       ; Merged with sprit_found[10][0]         ;
; sprit_found[7][3]                       ; Merged with sprit_found[10][0]         ;
; sprit_found[7][4]                       ; Merged with sprit_found[10][0]         ;
; sprit_found[7][5]                       ; Merged with sprit_found[10][0]         ;
; sprit_found[8][0]                       ; Merged with sprit_found[10][0]         ;
; sprit_found[8][1]                       ; Merged with sprit_found[10][0]         ;
; sprit_found[8][2]                       ; Merged with sprit_found[10][0]         ;
; sprit_found[8][3]                       ; Merged with sprit_found[10][0]         ;
; sprit_found[8][4]                       ; Merged with sprit_found[10][0]         ;
; sprit_found[8][5]                       ; Merged with sprit_found[10][0]         ;
; sprit_found[9][0]                       ; Merged with sprit_found[10][0]         ;
; sprit_found[9][1]                       ; Merged with sprit_found[10][0]         ;
; sprit_found[9][2]                       ; Merged with sprit_found[10][0]         ;
; sprit_found[9][3]                       ; Merged with sprit_found[10][0]         ;
; sprit_found[9][4]                       ; Merged with sprit_found[10][0]         ;
; sprit_found[9][5]                       ; Merged with sprit_found[10][0]         ;
; sprit_found[0][1]                       ; Merged with sprit_found[0][0]          ;
; sprit_found[0][2]                       ; Merged with sprit_found[0][0]          ;
; sprit_found[0][3]                       ; Merged with sprit_found[0][0]          ;
; sprit_found[0][4]                       ; Merged with sprit_found[0][0]          ;
; sprit_found[0][5]                       ; Merged with sprit_found[0][0]          ;
; sprit_found[10][0]                      ; Stuck at GND due to stuck port data_in ;
; high_four[0][3]~reg0                    ; Merged with high_four[0][0]~reg0       ;
; high_four[0][4]~reg0                    ; Merged with high_four[0][0]~reg0       ;
; high_four[0][2]~reg0                    ; Merged with high_four[0][0]~reg0       ;
; high_four[0][1]~reg0                    ; Merged with high_four[0][0]~reg0       ;
; high_four[0][5]~reg0                    ; Merged with high_four[0][0]~reg0       ;
; high_four[1][3]~reg0                    ; Merged with high_four[1][0]~reg0       ;
; high_four[1][1]~reg0                    ; Merged with high_four[1][0]~reg0       ;
; high_four[1][5]~reg0                    ; Merged with high_four[1][0]~reg0       ;
; high_four[1][2]~reg0                    ; Merged with high_four[1][0]~reg0       ;
; high_four[1][4]~reg0                    ; Merged with high_four[1][0]~reg0       ;
; high_four[2][5]~reg0                    ; Merged with high_four[2][0]~reg0       ;
; high_four[2][3]~reg0                    ; Merged with high_four[2][0]~reg0       ;
; high_four[2][2]~reg0                    ; Merged with high_four[2][0]~reg0       ;
; high_four[2][4]~reg0                    ; Merged with high_four[2][0]~reg0       ;
; high_four[2][1]~reg0                    ; Merged with high_four[2][0]~reg0       ;
; high_four[3][3]~reg0                    ; Merged with high_four[3][0]~reg0       ;
; high_four[3][1]~reg0                    ; Merged with high_four[3][0]~reg0       ;
; high_four[3][5]~reg0                    ; Merged with high_four[3][0]~reg0       ;
; high_four[3][2]~reg0                    ; Merged with high_four[3][0]~reg0       ;
; high_four[3][4]~reg0                    ; Merged with high_four[3][0]~reg0       ;
; high_four[0][0]~reg0                    ; Stuck at GND due to stuck port data_in ;
; high_four[1][0]~reg0                    ; Stuck at GND due to stuck port data_in ;
; high_four[2][0]~reg0                    ; Stuck at GND due to stuck port data_in ;
; high_four[3][0]~reg0                    ; Stuck at GND due to stuck port data_in ;
; sprit_found[0][0]                       ; Lost fanout                            ;
; nextstate~6                             ; Lost fanout                            ;
; nextstate~7                             ; Lost fanout                            ;
; nextstate~8                             ; Lost fanout                            ;
; nextstate~9                             ; Lost fanout                            ;
; nextstate~10                            ; Lost fanout                            ;
; nextstate~11                            ; Lost fanout                            ;
; actstate~4                              ; Lost fanout                            ;
; actstate~5                              ; Lost fanout                            ;
; actstate~6                              ; Lost fanout                            ;
; actstate~7                              ; Lost fanout                            ;
; actstate~8                              ; Lost fanout                            ;
; actstate~9                              ; Lost fanout                            ;
; Total Number of Removed Registers = 420 ;                                        ;
+-----------------------------------------+----------------------------------------+


+------------------------------------------------------------------------------------------------------------------------------------------+
; Removed Registers Triggering Further Register Optimizations                                                                              ;
+--------------------+---------------------------+-----------------------------------------------------------------------------------------+
; Register name      ; Reason for Removal        ; Registers Removed due to This Register                                                  ;
+--------------------+---------------------------+-----------------------------------------------------------------------------------------+
; sprit_found[10][0] ; Stuck at GND              ; high_four[0][0]~reg0, high_four[1][0]~reg0, high_four[2][0]~reg0, high_four[3][0]~reg0, ;
;                    ; due to stuck port data_in ; sprit_found[0][0]                                                                       ;
+--------------------+---------------------------+-----------------------------------------------------------------------------------------+


+------------------------------------------------------+
; General Register Statistics                          ;
+----------------------------------------------+-------+
; Statistic                                    ; Value ;
+----------------------------------------------+-------+
; Total registers                              ; 41    ;
; Number of registers using Synchronous Clear  ; 0     ;
; Number of registers using Synchronous Load   ; 0     ;
; Number of registers using Asynchronous Clear ; 4     ;
; Number of registers using Asynchronous Load  ; 0     ;
; Number of registers using Clock Enable       ; 31    ;
; Number of registers using Preset             ; 0     ;
+----------------------------------------------+-------+


+---------------------------------------------------------------------------------------------------------------------------------------------------+
; Multiplexer Restructuring Statistics (Restructuring Performed)                                                                                    ;
+--------------------+-----------+---------------+----------------------+------------------------+------------+-------------------------------------+
; Multiplexer Inputs ; Bus Width ; Baseline Area ; Area if Restructured ; Saving if Restructured ; Registered ; Example Multiplexer Output          ;
+--------------------+-----------+---------------+----------------------+------------------------+------------+-------------------------------------+
; 6:1                ; 2 bits    ; 8 LEs         ; 4 LEs                ; 4 LEs                  ; No         ; |sprits_finder_position|Selector217 ;
+--------------------+-----------+---------------+----------------------+------------------------+------------+-------------------------------------+


+----------------------------------------------------------------------------------------+
; Parameter Settings for User Entity Instance: Top-level Entity: |sprits_finder_position ;
+----------------------------+--------+--------------------------------------------------+
; Parameter Name             ; Value  ; Type                                             ;
+----------------------------+--------+--------------------------------------------------+
; state_inicio               ; 00     ; Unsigned Binary                                  ;
; state_comparacao_perimetro ; 01     ; Unsigned Binary                                  ;
; state_layers_prioritaria   ; 10     ; Unsigned Binary                                  ;
; state_controller_memory    ; 11     ; Unsigned Binary                                  ;
; no_sprite_id               ; 111111 ; Unsigned Binary                                  ;
+----------------------------+--------+--------------------------------------------------+
Note: In order to hide this table in the UI and the text report file, please set the "Show Parameter Settings in Synthesis Report" option in "Analysis and Synthesis Settings -> More Settings" to "Off".


+-----------------------------------------------------+
; Post-Synthesis Netlist Statistics for Top Partition ;
+-----------------------+-----------------------------+
; Type                  ; Count                       ;
+-----------------------+-----------------------------+
; boundary_port         ; 48                          ;
; cycloneiii_ff         ; 41                          ;
;     CLR               ; 4                           ;
;     ENA               ; 31                          ;
;     plain             ; 6                           ;
; cycloneiii_lcell_comb ; 58                          ;
;     arith             ; 30                          ;
;         2 data inputs ; 29                          ;
;         3 data inputs ; 1                           ;
;     normal            ; 28                          ;
;         0 data inputs ; 1                           ;
;         1 data inputs ; 1                           ;
;         2 data inputs ; 3                           ;
;         3 data inputs ; 5                           ;
;         4 data inputs ; 18                          ;
;                       ;                             ;
; Max LUT depth         ; 6.00                        ;
; Average LUT depth     ; 3.98                        ;
+-----------------------+-----------------------------+


+-------------------------------+
; Elapsed Time Per Partition    ;
+----------------+--------------+
; Partition Name ; Elapsed Time ;
+----------------+--------------+
; Top            ; 00:00:15     ;
+----------------+--------------+


+-------------------------------+
; Analysis & Synthesis Messages ;
+-------------------------------+
Info: *******************************************************************
Info: Running Quartus Prime Analysis & Synthesis
    Info: Version 20.1.1 Build 720 11/11/2020 SJ Lite Edition
    Info: Processing started: Tue Nov 28 22:42:15 2023
Info: Command: quartus_map --read_settings_files=on --write_settings_files=off modulo_sprite -c modulo_sprite
Info (20030): Parallel compilation is enabled and will use 2 of the 2 processors detected
Info (12021): Found 1 design units, including 1 entities, in source file sprits_finder_position.v
    Info (12023): Found entity 1: sprits_finder_position File: C:/Users/elber/OneDrive - Universidade Federal da Bahia/LAB IV/modulo_sprite/sprits_finder_position.v Line: 3
Info (12021): Found 1 design units, including 1 entities, in source file count_px_clk.v
    Info (12023): Found entity 1: count_px_clk File: C:/Users/elber/OneDrive - Universidade Federal da Bahia/LAB IV/modulo_sprite/count_px_clk.v Line: 3
Info (12021): Found 1 design units, including 1 entities, in source file count_h_sync.v
    Info (12023): Found entity 1: count_h_sync File: C:/Users/elber/OneDrive - Universidade Federal da Bahia/LAB IV/modulo_sprite/count_h_sync.v Line: 1
Info (12021): Found 1 design units, including 1 entities, in source file modulo_sprite.bdf
    Info (12023): Found entity 1: modulo_sprite
Info (12127): Elaborating entity "sprits_finder_position" for the top level hierarchy
Warning (13024): Output pins are stuck at VCC or GND
    Warning (13410): Pin "high_four[0][0]" is stuck at GND File: C:/Users/elber/OneDrive - Universidade Federal da Bahia/LAB IV/modulo_sprite/sprits_finder_position.v Line: 53
    Warning (13410): Pin "high_four[0][1]" is stuck at GND File: C:/Users/elber/OneDrive - Universidade Federal da Bahia/LAB IV/modulo_sprite/sprits_finder_position.v Line: 53
    Warning (13410): Pin "high_four[0][2]" is stuck at GND File: C:/Users/elber/OneDrive - Universidade Federal da Bahia/LAB IV/modulo_sprite/sprits_finder_position.v Line: 53
    Warning (13410): Pin "high_four[0][3]" is stuck at GND File: C:/Users/elber/OneDrive - Universidade Federal da Bahia/LAB IV/modulo_sprite/sprits_finder_position.v Line: 53
    Warning (13410): Pin "high_four[0][4]" is stuck at GND File: C:/Users/elber/OneDrive - Universidade Federal da Bahia/LAB IV/modulo_sprite/sprits_finder_position.v Line: 53
    Warning (13410): Pin "high_four[0][5]" is stuck at GND File: C:/Users/elber/OneDrive - Universidade Federal da Bahia/LAB IV/modulo_sprite/sprits_finder_position.v Line: 53
    Warning (13410): Pin "high_four[1][0]" is stuck at GND File: C:/Users/elber/OneDrive - Universidade Federal da Bahia/LAB IV/modulo_sprite/sprits_finder_position.v Line: 53
    Warning (13410): Pin "high_four[1][1]" is stuck at GND File: C:/Users/elber/OneDrive - Universidade Federal da Bahia/LAB IV/modulo_sprite/sprits_finder_position.v Line: 53
    Warning (13410): Pin "high_four[1][2]" is stuck at GND File: C:/Users/elber/OneDrive - Universidade Federal da Bahia/LAB IV/modulo_sprite/sprits_finder_position.v Line: 53
    Warning (13410): Pin "high_four[1][3]" is stuck at GND File: C:/Users/elber/OneDrive - Universidade Federal da Bahia/LAB IV/modulo_sprite/sprits_finder_position.v Line: 53
    Warning (13410): Pin "high_four[1][4]" is stuck at GND File: C:/Users/elber/OneDrive - Universidade Federal da Bahia/LAB IV/modulo_sprite/sprits_finder_position.v Line: 53
    Warning (13410): Pin "high_four[1][5]" is stuck at GND File: C:/Users/elber/OneDrive - Universidade Federal da Bahia/LAB IV/modulo_sprite/sprits_finder_position.v Line: 53
    Warning (13410): Pin "high_four[2][0]" is stuck at GND File: C:/Users/elber/OneDrive - Universidade Federal da Bahia/LAB IV/modulo_sprite/sprits_finder_position.v Line: 53
    Warning (13410): Pin "high_four[2][1]" is stuck at GND File: C:/Users/elber/OneDrive - Universidade Federal da Bahia/LAB IV/modulo_sprite/sprits_finder_position.v Line: 53
    Warning (13410): Pin "high_four[2][2]" is stuck at GND File: C:/Users/elber/OneDrive - Universidade Federal da Bahia/LAB IV/modulo_sprite/sprits_finder_position.v Line: 53
    Warning (13410): Pin "high_four[2][3]" is stuck at GND File: C:/Users/elber/OneDrive - Universidade Federal da Bahia/LAB IV/modulo_sprite/sprits_finder_position.v Line: 53
    Warning (13410): Pin "high_four[2][4]" is stuck at GND File: C:/Users/elber/OneDrive - Universidade Federal da Bahia/LAB IV/modulo_sprite/sprits_finder_position.v Line: 53
    Warning (13410): Pin "high_four[2][5]" is stuck at GND File: C:/Users/elber/OneDrive - Universidade Federal da Bahia/LAB IV/modulo_sprite/sprits_finder_position.v Line: 53
    Warning (13410): Pin "high_four[3][0]" is stuck at GND File: C:/Users/elber/OneDrive - Universidade Federal da Bahia/LAB IV/modulo_sprite/sprits_finder_position.v Line: 53
    Warning (13410): Pin "high_four[3][1]" is stuck at GND File: C:/Users/elber/OneDrive - Universidade Federal da Bahia/LAB IV/modulo_sprite/sprits_finder_position.v Line: 53
    Warning (13410): Pin "high_four[3][2]" is stuck at GND File: C:/Users/elber/OneDrive - Universidade Federal da Bahia/LAB IV/modulo_sprite/sprits_finder_position.v Line: 53
    Warning (13410): Pin "high_four[3][3]" is stuck at GND File: C:/Users/elber/OneDrive - Universidade Federal da Bahia/LAB IV/modulo_sprite/sprits_finder_position.v Line: 53
    Warning (13410): Pin "high_four[3][4]" is stuck at GND File: C:/Users/elber/OneDrive - Universidade Federal da Bahia/LAB IV/modulo_sprite/sprits_finder_position.v Line: 53
    Warning (13410): Pin "high_four[3][5]" is stuck at GND File: C:/Users/elber/OneDrive - Universidade Federal da Bahia/LAB IV/modulo_sprite/sprits_finder_position.v Line: 53
Info (286030): Timing-Driven Synthesis is running
Info (17049): 13 registers lost all their fanouts during netlist optimizations.
Info (144001): Generated suppressed messages file C:/Users/elber/OneDrive - Universidade Federal da Bahia/LAB IV/modulo_sprite/output_files/modulo_sprite.map.smsg
Info (16010): Generating hard_block partition "hard_block:auto_generated_inst"
    Info (16011): Adding 0 node(s), including 0 DDIO, 0 PLL, 0 transceiver and 0 LCELL
Warning (21074): Design contains 8 input pin(s) that do not drive logic
    Warning (15610): No output dependent on input pin "V_pos_in[3]" File: C:/Users/elber/OneDrive - Universidade Federal da Bahia/LAB IV/modulo_sprite/sprits_finder_position.v Line: 10
    Warning (15610): No output dependent on input pin "V_pos_in[2]" File: C:/Users/elber/OneDrive - Universidade Federal da Bahia/LAB IV/modulo_sprite/sprits_finder_position.v Line: 10
    Warning (15610): No output dependent on input pin "V_pos_in[1]" File: C:/Users/elber/OneDrive - Universidade Federal da Bahia/LAB IV/modulo_sprite/sprits_finder_position.v Line: 10
    Warning (15610): No output dependent on input pin "V_pos_in[0]" File: C:/Users/elber/OneDrive - Universidade Federal da Bahia/LAB IV/modulo_sprite/sprits_finder_position.v Line: 10
    Warning (15610): No output dependent on input pin "H_pos_in[3]" File: C:/Users/elber/OneDrive - Universidade Federal da Bahia/LAB IV/modulo_sprite/sprits_finder_position.v Line: 9
    Warning (15610): No output dependent on input pin "H_pos_in[2]" File: C:/Users/elber/OneDrive - Universidade Federal da Bahia/LAB IV/modulo_sprite/sprits_finder_position.v Line: 9
    Warning (15610): No output dependent on input pin "H_pos_in[1]" File: C:/Users/elber/OneDrive - Universidade Federal da Bahia/LAB IV/modulo_sprite/sprits_finder_position.v Line: 9
    Warning (15610): No output dependent on input pin "H_pos_in[0]" File: C:/Users/elber/OneDrive - Universidade Federal da Bahia/LAB IV/modulo_sprite/sprits_finder_position.v Line: 9
Info (21057): Implemented 109 device resources after synthesis - the final resource count might be different
    Info (21058): Implemented 23 input pins
    Info (21059): Implemented 25 output pins
    Info (21061): Implemented 61 logic cells
Info: Quartus Prime Analysis & Synthesis was successful. 0 errors, 34 warnings
    Info: Peak virtual memory: 4742 megabytes
    Info: Processing ended: Tue Nov 28 22:43:11 2023
    Info: Elapsed time: 00:00:56
    Info: Total CPU time (on all processors): 00:01:13


+------------------------------------------+
; Analysis & Synthesis Suppressed Messages ;
+------------------------------------------+
The suppressed messages can be found in C:/Users/elber/OneDrive - Universidade Federal da Bahia/LAB IV/modulo_sprite/output_files/modulo_sprite.map.smsg.


